// Jest Snapshot v1, https://goo.gl/fbAQLP

exports[`renders correctly 1`] = `
<div
  className="LayerCard-container-0-1-1 "
>
  <header
    className="LayerCard-header-0-1-3"
  >
    <h2
      className="LayerCard-title-0-1-4"
    >
      My test layer
    </h2>
  </header>
  <div
    className="LayerCard-content-0-1-5"
  >
    <p
      className="LayerCard-contentDescription-0-1-6"
    >
      <Link
        className="LayerCard-moreLink-0-1-7"
        to="/map/learn_more/123"
      >
        <i
          className="icon__book-reader"
          style={
            Object {
              "marginRight": 5,
            }
          }
        />
        <span>
          Learn more
        </span>
      </Link>
    </p>
    <p
      className="LayerCard-source-0-1-8"
    >
      <a
        className="LayerCard-sourceLink-0-1-9"
        href="www.wikipedia.org"
        rel="noopener noreferrer"
        target="_blank"
      >
        Wikipedia
      </a>
      <span
        className="LayerCard-sourceDescription-0-1-10"
      />
    </p>
    <div
      style={
        Object {
          "marginBottom": "15px",
        }
      }
    >
      <withRouter(LayerTags)
        layer={
          Object {
            "category_slugs": Array [
              "water",
              "peace",
              "security",
            ],
            "id": "123",
            "name": "My test layer",
            "source_name": "Wikipedia",
            "source_url": "www.wikipedia.org",
          }
        }
      />
    </div>
  </div>
</div>
`;
