// Jest Snapshot v1, https://goo.gl/fbAQLP

exports[`renders correctly 1`] = `
<div
  className="LayerCard-container-0-2-1 "
>
  <header
    className="LayerCard-header-0-2-4"
  >
    <h2
      className="LayerCard-title-0-2-5"
    >
      My test layer
    </h2>
  </header>
  <div
    className="LayerCard-content-0-2-6"
  >
    <p
      className="LayerCard-contentDescription-0-2-7"
    >
      <Link
        className="LayerCard-moreLink-0-2-8 gtm-learn-more"
        to="/map/learn_more/123"
      >
        <i
          className="icon__book-reader"
          style={
            Object {
              "marginRight": 5,
            }
          }
        />
        <span>
          Learn more
        </span>
      </Link>
    </p>
    <p
      className="LayerCard-source-0-2-9"
    >
      <a
        className="LayerCard-sourceLink-0-2-10"
        href="www.wikipedia.org"
        rel="noopener noreferrer"
        target="_blank"
      >
        Wikipedia
      </a>
      <span
        className="LayerCard-sourceDescription-0-2-11"
      />
    </p>
    <div
      style={
        Object {
          "marginBottom": "15px",
        }
      }
    >
      <withRouter(LayerTags)
        layer={
          Object {
            "category_slugs": Array [
              "water",
              "peace",
              "security",
            ],
            "id": "123",
            "name": "My test layer",
            "source_name": "Wikipedia",
            "source_url": "www.wikipedia.org",
          }
        }
      />
    </div>
  </div>
</div>
`;
