// Jest Snapshot v1, https://goo.gl/fbAQLP

exports[`<MenuBar /> renders correctly when inside a router 1`] = `
<div
  style={
    Object {
      "fontSize": 21,
      "margin": 9,
      "width": "100%",
    }
  }
>
  <a
    aria-current={null}
    href="/map"
    onClick={[Function]}
    style={
      Object {
        "color": "#999",
        "display": "inline-block",
        "fontWeight": "normal",
        "margin": 25,
        "textDecoration": "none",
      }
    }
  >
    Map
  </a>
  <a
    aria-current={null}
    href="/methodology"
    onClick={[Function]}
    style={
      Object {
        "color": "#999",
        "display": "inline-block",
        "fontWeight": "normal",
        "margin": 25,
        "textDecoration": "none",
      }
    }
  >
    Methodology
  </a>
  <a
    aria-current={null}
    href="/about"
    onClick={[Function]}
    style={
      Object {
        "color": "#999",
        "display": "inline-block",
        "fontWeight": "normal",
        "margin": 25,
        "textDecoration": "none",
      }
    }
  >
    About Us
  </a>
  <a
    href="/admin"
    style={
      Object {
        "color": "#999",
        "display": "inline-block",
        "float": "right",
        "fontWeight": "normal",
        "margin": 25,
        "textDecoration": "none",
      }
    }
  >
    Admin Portal
  </a>
</div>
`;
