// Jest Snapshot v1, https://goo.gl/fbAQLP

exports[`<MenuBar /> renders correctly when inside a router 1`] = `
<div
  style={
    Object {
      "fontSize": 21,
      "margin": 9,
    }
  }
>
  <a
    aria-current="page"
    className="active"
    href="/"
    onClick={[Function]}
    style={
      Object {
        "color": "black",
        "display": "inline-block",
        "margin": 25,
        "textDecoration": "none",
      }
    }
  >
    Map
  </a>
  <a
    aria-current={null}
    href="/methodology"
    onClick={[Function]}
    style={
      Object {
        "color": "#999",
        "display": "inline-block",
        "margin": 25,
        "textDecoration": "none",
      }
    }
  >
    Methodology
  </a>
  <a
    aria-current={null}
    href="/about"
    onClick={[Function]}
    style={
      Object {
        "color": "#999",
        "display": "inline-block",
        "margin": 25,
        "textDecoration": "none",
      }
    }
  >
    About Us
  </a>
</div>
`;
