// Jest Snapshot v1, https://goo.gl/fbAQLP

exports[`renders correctly 1`] = `
<StaticPage
  classes={
    Object {
      "contentContainer": "StaticPage-contentContainer-0-1-2",
      "main": "StaticPage-main-0-1-1",
    }
  }
  page={
    Object {
      "content": "Test content",
      "name": "Test name",
      "slug": "Test slug",
    }
  }
/>
`;
